2025-07-27 17:05:19,943 - __main__ - INFO - Comprehensive Emotion Recognition System Initialized
2025-07-27 17:05:19,943 - __main__ - INFO - Output directory: csv_data
2025-07-27 17:05:19,943 - __main__ - INFO - Checkpoint directory: csv_data\checkpoints
2025-07-27 17:05:19,943 - __main__ - INFO - Checkpoint Status:
2025-07-27 17:05:19,944 - __main__ - INFO -   Stage 1: [Not found]
2025-07-27 17:05:19,944 - __main__ - INFO -   Stage 2: [Not found]
2025-07-27 17:05:19,944 - __main__ - INFO -   Stage 3: [Not found]
2025-07-27 17:05:19,944 - __main__ - INFO -   Stage 4: [Not found]
2025-07-27 17:05:19,944 - __main__ - INFO -   Stage 5: [Not found]
2025-07-27 17:05:19,944 - __main__ - INFO -   Stage 6: [Not found]
2025-07-27 17:05:19,946 - __main__ - INFO - Starting comprehensive pipeline for stages: [1, 2]
2025-07-27 17:05:19,946 - __main__ - INFO - Validating data access...
2025-07-27 17:05:19,946 - data_processing.seed_iv_loader - INFO - SeedIVLoader initialized with base path: C:\Users\piyus\Downloads\SEED_IV\SEED_IV\eeg_feature_smooth
2025-07-27 17:05:19,946 - data_processing.seed_iv_loader - INFO - Scanning SEED-IV dataset...
2025-07-27 17:05:19,947 - data_processing.seed_iv_loader - INFO - Session 1: Found 15 .mat files
2025-07-27 17:05:19,948 - data_processing.seed_iv_loader - INFO - Session 2: Found 15 .mat files
2025-07-27 17:05:19,948 - data_processing.seed_iv_loader - INFO - Session 3: Found 15 .mat files
2025-07-27 17:05:19,948 - data_processing.seed_iv_loader - INFO - Total files found: 45
2025-07-27 17:05:19,948 - __main__ - INFO - Data validation successful. Found 3 subjects
2025-07-27 17:05:19,948 - __main__ - INFO - 
============================================================
2025-07-27 17:05:19,949 - __main__ - INFO - Running Stage 1: Traditional Baseline
2025-07-27 17:05:19,949 - __main__ - INFO - Target Accuracy: 75.0%
2025-07-27 17:05:19,949 - models.stage1_traditional - INFO - TraditionalBaseline initialized with target accuracy: 72.5%
2025-07-27 17:05:19,949 - models.stage1_traditional - INFO - Running Stage 1: Traditional Baseline Pipeline
2025-07-27 17:05:19,949 - data_processing.seed_iv_loader - INFO - SeedIVLoader initialized with base path: C:\Users\piyus\Downloads\SEED_IV\SEED_IV\eeg_feature_smooth
2025-07-27 17:05:19,949 - data_processing.seed_iv_loader - INFO - Loading all subjects with feature type: de_LDS
2025-07-27 17:05:19,949 - data_processing.seed_iv_loader - INFO - OPTIMIZED MODE: Using 5 subjects with 500 samples each (~2,500 total samples)
2025-07-27 17:05:19,950 - data_processing.seed_iv_loader - INFO - Loading data for Subject 1 (all sessions)
2025-07-27 17:05:20,124 - data_processing.seed_iv_loader - INFO - Loaded Subject 1: 2505 samples, 2 feature types
2025-07-27 17:05:20,126 - data_processing.seed_iv_loader - INFO - OPTIMIZED: Limited Subject 1 to 500 samples
2025-07-27 17:05:20,126 - data_processing.seed_iv_loader - INFO - Subject 1: 500 samples
2025-07-27 17:05:20,126 - data_processing.seed_iv_loader - INFO - Loading data for Subject 2 (all sessions)
2025-07-27 17:05:20,284 - data_processing.seed_iv_loader - INFO - Loaded Subject 2: 2505 samples, 2 feature types
2025-07-27 17:05:20,287 - data_processing.seed_iv_loader - INFO - OPTIMIZED: Limited Subject 2 to 500 samples
2025-07-27 17:05:20,287 - data_processing.seed_iv_loader - INFO - Subject 2: 500 samples
2025-07-27 17:05:20,287 - data_processing.seed_iv_loader - INFO - Loading data for Subject 3 (all sessions)
2025-07-27 17:05:20,440 - data_processing.seed_iv_loader - INFO - Loaded Subject 3: 2505 samples, 2 feature types
2025-07-27 17:05:20,442 - data_processing.seed_iv_loader - INFO - OPTIMIZED: Limited Subject 3 to 500 samples
2025-07-27 17:05:20,442 - data_processing.seed_iv_loader - INFO - Subject 3: 500 samples
2025-07-27 17:05:20,442 - data_processing.seed_iv_loader - INFO - Loading data for Subject 4 (all sessions)
2025-07-27 17:05:20,605 - data_processing.seed_iv_loader - INFO - Loaded Subject 4: 2505 samples, 2 feature types
2025-07-27 17:05:20,607 - data_processing.seed_iv_loader - INFO - OPTIMIZED: Limited Subject 4 to 500 samples
2025-07-27 17:05:20,607 - data_processing.seed_iv_loader - INFO - Subject 4: 500 samples
2025-07-27 17:05:20,607 - data_processing.seed_iv_loader - INFO - Loading data for Subject 5 (all sessions)
2025-07-27 17:05:20,776 - data_processing.seed_iv_loader - INFO - Loaded Subject 5: 2505 samples, 2 feature types
2025-07-27 17:05:20,778 - data_processing.seed_iv_loader - INFO - OPTIMIZED: Limited Subject 5 to 500 samples
2025-07-27 17:05:20,778 - data_processing.seed_iv_loader - INFO - Subject 5: 500 samples
2025-07-27 17:05:20,781 - data_processing.seed_iv_loader - INFO - Combined dataset: 2500 samples, 310 features
2025-07-27 17:05:20,783 - models.stage1_traditional - INFO - Loaded 2500 samples from 2500 subjects
2025-07-27 17:05:20,789 - models.stage1_traditional - INFO - Training traditional baseline model...
2025-07-27 17:05:20,789 - models.stage1_traditional - INFO - Training data: 2000 samples, 310 features
2025-07-27 17:05:20,789 - models.stage1_traditional - INFO - Creating traditional baseline pipeline...
2025-07-27 17:05:20,789 - models.stage1_traditional - INFO - Pipeline created with 2 steps
2025-07-27 17:05:27,101 - models.stage1_traditional - INFO - Training completed in 0.79 seconds
2025-07-27 17:05:27,101 - models.stage1_traditional - INFO - CV Mean Accuracy: 0.8485 ± 0.0177
2025-07-27 17:05:27,101 - models.stage1_traditional - INFO - Evaluating model on 500 test samples...
2025-07-27 17:05:27,186 - models.stage1_traditional - INFO - Evaluation completed in 0.07 seconds
2025-07-27 17:05:27,187 - models.stage1_traditional - INFO - Test Accuracy: 0.8600 (86.0%)
2025-07-27 17:05:27,187 - models.stage1_traditional - INFO - F1 Score (Macro): 0.8568
2025-07-27 17:05:27,187 - models.stage1_traditional - INFO - Target Achievement: [ACHIEVED]
2025-07-27 17:05:27,193 - models.stage1_traditional - INFO - Model saved to: csv_data\stage1_results\traditional_baseline_model.joblib
2025-07-27 17:05:28,073 - models.stage1_traditional - INFO - Results plot saved to: csv_data\stage1_results\stage1_results.png
2025-07-27 17:06:01,643 - __main__ - INFO - Target accuracy ACHIEVED: 86.0% vs 75.0%
2025-07-27 17:06:01,651 - __main__ - INFO - Checkpoint saved: csv_data\checkpoints\stage_1_checkpoint.joblib
2025-07-27 17:06:01,652 - __main__ - INFO - Stage 1 completed in 41.7 seconds
2025-07-27 17:06:01,664 - __main__ - INFO - Stage 1 result saved to: csv_data\stage_1_result.json
2025-07-27 17:06:01,665 - __main__ - INFO - 
============================================================
2025-07-27 17:06:01,665 - __main__ - INFO - Running Stage 2: Enhanced Features
2025-07-27 17:06:01,666 - __main__ - INFO - Target Accuracy: 80.0%
2025-07-27 17:06:01,667 - models.stage2_enhanced - INFO - EnhancedFeaturesModel initialized with target accuracy: 77.5%
2025-07-27 17:06:01,667 - models.stage2_enhanced - INFO - Running Stage 2: Enhanced Features Pipeline
2025-07-27 17:06:01,668 - data_processing.seed_iv_loader - INFO - SeedIVLoader initialized with base path: C:\Users\piyus\Downloads\SEED_IV\SEED_IV\eeg_feature_smooth
2025-07-27 17:06:01,668 - data_processing.seed_iv_loader - INFO - Loading all subjects with feature type: de_LDS
2025-07-27 17:06:01,668 - data_processing.seed_iv_loader - INFO - OPTIMIZED MODE: Using 5 subjects with 500 samples each (~2,500 total samples)
2025-07-27 17:06:01,668 - data_processing.seed_iv_loader - INFO - Loading data for Subject 1 (all sessions)
2025-07-27 17:06:01,894 - data_processing.seed_iv_loader - INFO - Loaded Subject 1: 2505 samples, 2 feature types
2025-07-27 17:06:01,897 - data_processing.seed_iv_loader - INFO - OPTIMIZED: Limited Subject 1 to 500 samples
2025-07-27 17:06:01,897 - data_processing.seed_iv_loader - INFO - Subject 1: 500 samples
2025-07-27 17:06:01,897 - data_processing.seed_iv_loader - INFO - Loading data for Subject 2 (all sessions)
2025-07-27 17:06:02,079 - data_processing.seed_iv_loader - INFO - Loaded Subject 2: 2505 samples, 2 feature types
2025-07-27 17:06:02,081 - data_processing.seed_iv_loader - INFO - OPTIMIZED: Limited Subject 2 to 500 samples
2025-07-27 17:06:02,082 - data_processing.seed_iv_loader - INFO - Subject 2: 500 samples
2025-07-27 17:06:02,082 - data_processing.seed_iv_loader - INFO - Loading data for Subject 3 (all sessions)
2025-07-27 17:06:02,261 - data_processing.seed_iv_loader - INFO - Loaded Subject 3: 2505 samples, 2 feature types
2025-07-27 17:06:02,263 - data_processing.seed_iv_loader - INFO - OPTIMIZED: Limited Subject 3 to 500 samples
2025-07-27 17:06:02,263 - data_processing.seed_iv_loader - INFO - Subject 3: 500 samples
2025-07-27 17:06:02,264 - data_processing.seed_iv_loader - INFO - Loading data for Subject 4 (all sessions)
2025-07-27 17:06:02,446 - data_processing.seed_iv_loader - INFO - Loaded Subject 4: 2505 samples, 2 feature types
2025-07-27 17:06:02,449 - data_processing.seed_iv_loader - INFO - OPTIMIZED: Limited Subject 4 to 500 samples
2025-07-27 17:06:02,450 - data_processing.seed_iv_loader - INFO - Subject 4: 500 samples
2025-07-27 17:06:02,450 - data_processing.seed_iv_loader - INFO - Loading data for Subject 5 (all sessions)
2025-07-27 17:06:02,636 - data_processing.seed_iv_loader - INFO - Loaded Subject 5: 2505 samples, 2 feature types
2025-07-27 17:06:02,639 - data_processing.seed_iv_loader - INFO - OPTIMIZED: Limited Subject 5 to 500 samples
2025-07-27 17:06:02,640 - data_processing.seed_iv_loader - INFO - Subject 5: 500 samples
2025-07-27 17:06:02,643 - data_processing.seed_iv_loader - INFO - Combined dataset: 2500 samples, 310 features
2025-07-27 17:06:02,647 - models.stage2_enhanced - INFO - Loaded 2500 samples from 2500 subjects
2025-07-27 17:06:02,656 - models.stage2_enhanced - INFO - Training enhanced features model...
2025-07-27 17:06:02,656 - models.stage2_enhanced - INFO - Training data: 2000 samples, 310 features
2025-07-27 17:06:02,656 - models.stage2_enhanced - INFO - Extracting enhanced multi-domain features...
2025-07-27 17:06:02,657 - data_processing.feature_engineering - INFO - AdvancedFeatureEngineer initialized: 62 channels, 5 frequency bands
2025-07-27 17:06:02,657 - data_processing.feature_engineering - INFO - Extracting features: ['spatial', 'temporal', 'frequency', 'connectivity']
2025-07-27 17:06:02,657 - data_processing.feature_engineering - INFO - Extracting spatial features...
2025-07-27 17:06:03,633 - data_processing.feature_engineering - INFO - Extracted 20 spatial features
2025-07-27 17:06:03,633 - data_processing.feature_engineering - INFO - Extracting temporal features...
2025-07-27 17:06:05,662 - data_processing.feature_engineering - INFO - Extracted 14 temporal features
2025-07-27 17:06:05,662 - data_processing.feature_engineering - INFO - Extracting frequency domain features...
2025-07-27 17:06:06,160 - data_processing.feature_engineering - INFO - Extracted 8 frequency domain features
2025-07-27 17:06:06,160 - data_processing.feature_engineering - INFO - Extracting connectivity features...
2025-07-27 17:06:06,637 - data_processing.feature_engineering - INFO - Extracted 30 connectivity features
2025-07-27 17:06:06,637 - data_processing.feature_engineering - INFO - Combined features shape: (2000, 72)
2025-07-27 17:06:06,638 - models.stage2_enhanced - INFO - Enhanced features shape: (2000, 72)
2025-07-27 17:06:06,638 - models.stage2_enhanced - INFO - Feature expansion: 310 -> 72 (0.2x)
2025-07-27 17:06:06,640 - models.stage2_enhanced - INFO - Feature selection using mutual_info...
2025-07-27 17:06:06,640 - models.stage2_enhanced - WARNING - Unknown feature selection method: mutual_info
2025-07-27 17:06:06,640 - models.stage2_enhanced - INFO - Optimizing Random Forest hyperparameters...
2025-07-27 17:08:48,872 - models.stage2_enhanced - INFO - Best parameters: {'n_estimators': 200, 'min_samples_split': 5, 'min_samples_leaf': 2, 'max_features': 'log2', 'max_depth': 20, 'bootstrap': False}
2025-07-27 17:08:48,872 - models.stage2_enhanced - INFO - Best CV score: 0.9725
2025-07-27 17:08:57,675 - models.stage2_enhanced - INFO - Training completed in 166.22 seconds
2025-07-27 17:08:57,675 - models.stage2_enhanced - INFO - Feature pipeline: 310 -> 72 -> 72
2025-07-27 17:08:57,676 - models.stage2_enhanced - INFO - CV Mean Accuracy: 0.9740 ± 0.0102
2025-07-27 17:08:57,676 - models.stage2_enhanced - INFO - Evaluating model on 500 test samples...
2025-07-27 17:08:57,676 - data_processing.feature_engineering - INFO - Extracting features: ['spatial', 'temporal', 'frequency', 'connectivity']
2025-07-27 17:08:57,676 - data_processing.feature_engineering - INFO - Extracting spatial features...
2025-07-27 17:08:57,844 - data_processing.feature_engineering - INFO - Extracted 20 spatial features
2025-07-27 17:08:57,844 - data_processing.feature_engineering - INFO - Extracting temporal features...
2025-07-27 17:08:58,261 - data_processing.feature_engineering - INFO - Extracted 14 temporal features
2025-07-27 17:08:58,262 - data_processing.feature_engineering - INFO - Extracting frequency domain features...
2025-07-27 17:08:58,377 - data_processing.feature_engineering - INFO - Extracted 8 frequency domain features
2025-07-27 17:08:58,377 - data_processing.feature_engineering - INFO - Extracting connectivity features...
2025-07-27 17:08:58,472 - data_processing.feature_engineering - INFO - Extracted 30 connectivity features
2025-07-27 17:08:58,472 - data_processing.feature_engineering - INFO - Combined features shape: (500, 72)
2025-07-27 17:08:58,474 - __main__ - ERROR - Stage 2 failed: 'NoneType' object has no attribute 'transform'
2025-07-27 17:08:58,475 - __main__ - ERROR - Detailed error:
Traceback (most recent call last):
  File "D:\eeg-python-code\eeg-seed-IV\comprehensive_emotion_recognition\main.py", line 254, in run_stage
    result = model.run_complete_pipeline(
             ^^^^^^^^^^^^^^^^^^^^^^^^^^^^
  File "D:\eeg-python-code\eeg-seed-IV\comprehensive_emotion_recognition\models\stage2_enhanced.py", line 664, in run_complete_pipeline
    eval_results = self.evaluate(X_test, y_test)
                   ^^^^^^^^^^^^^^^^^^^^^^^^^^^^^
  File "D:\eeg-python-code\eeg-seed-IV\comprehensive_emotion_recognition\models\stage2_enhanced.py", line 377, in evaluate
    selected_features = self.feature_selector.transform(enhanced_features_scaled)
                        ^^^^^^^^^^^^^^^^^^^^^^^^^^^^^^^
AttributeError: 'NoneType' object has no attribute 'transform'
2025-07-27 17:08:58,478 - __main__ - INFO - Stage 2 result saved to: csv_data\stage_2_result.json
2025-07-27 17:08:58,478 - __main__ - INFO - Generating comprehensive report...
2025-07-27 17:08:58,480 - __main__ - INFO - Report saved to: csv_data\comprehensive_report.txt
2025-07-27 17:08:58,480 - __main__ - INFO - Pipeline completed in 218.5 seconds
